// Jest Snapshot v1, https://goo.gl/fbAQLP

exports[`OrdersGraph component renders the children correctly renders correctly 1`] = `
<div
  style={
    Object {
      "justifyContent": "space-between",
    }
  }
>
  <h4>
     
    Buying Orders
     
  </h4>
  <div
    className="recharts-wrapper"
    onMouseEnter={[Function]}
    onMouseLeave={[Function]}
    onMouseMove={[Function]}
    onTouchMove={[Function]}
    style={
      Object {
        "cursor": "default",
        "height": 300,
        "margin": "5px auto",
        "position": "relative",
        "width": 700,
      }
    }
  >
    <svg
      className="recharts-surface"
      height={300}
      style={undefined}
      version="1.1"
      viewBox="0 0 700 300"
      width={700}
    >
      <g
        className="recharts-layer recharts-cartesian-axis recharts-xAxis xAxis"
      >
        <line
          className="recharts-cartesian-axis-line"
          fill="none"
          height={30}
          stroke="#666"
          width={640}
          x={60}
          x1={60}
          x2={700}
          y={235}
          y1={235}
          y2={235}
        />
        <g
          className="recharts-cartesian-axis-ticks"
        >
          <g
            className="recharts-layer recharts-cartesian-axis-tick"
          >
            <line
              className="recharts-cartesian-axis-tick-line"
              fill="none"
              height={30}
              stroke="#666"
              width={640}
              x={60}
              x1={380}
              x2={380}
              y={235}
              y1={241}
              y2={235}
            />
            <text
              className="recharts-text recharts-cartesian-axis-tick-value"
              fill="#666"
              height={30}
              stroke="none"
              textAnchor="middle"
              width={640}
              x={380}
              y={243}
            >
              <tspan
                dy="0.71em"
                x={380}
              >
                01/01/2018 01:01
              </tspan>
            </text>
          </g>
        </g>
      </g>
      <g
        className="recharts-layer recharts-cartesian-axis recharts-yAxis yAxis"
      >
        <line
          className="recharts-cartesian-axis-line"
          fill="none"
          height={230}
          stroke="#666"
          width={60}
          x={0}
          x1={60}
          x2={60}
          y={5}
          y1={5}
          y2={235}
        />
        <g
          className="recharts-cartesian-axis-ticks"
        >
          <g
            className="recharts-layer recharts-cartesian-axis-tick"
          >
            <line
              className="recharts-cartesian-axis-tick-line"
              fill="none"
              height={230}
              stroke="#666"
              width={60}
              x={0}
              x1={54}
              x2={60}
              y={5}
              y1={235}
              y2={235}
            />
            <text
              className="recharts-text recharts-cartesian-axis-tick-value"
              fill="#666"
              height={230}
              stroke="none"
              textAnchor="end"
              width={60}
              x={52}
              y={235}
            >
              <tspan
                dy="0.355em"
                x={52}
              >
                0
              </tspan>
            </text>
          </g>
          <g
            className="recharts-layer recharts-cartesian-axis-tick"
          >
            <line
              className="recharts-cartesian-axis-tick-line"
              fill="none"
              height={230}
              stroke="#666"
              width={60}
              x={0}
              x1={54}
              x2={60}
              y={5}
              y1={177.5}
              y2={177.5}
            />
            <text
              className="recharts-text recharts-cartesian-axis-tick-value"
              fill="#666"
              height={230}
              stroke="none"
              textAnchor="end"
              width={60}
              x={52}
              y={177.5}
            >
              <tspan
                dy="0.355em"
                x={52}
              >
                0.5
              </tspan>
            </text>
          </g>
          <g
            className="recharts-layer recharts-cartesian-axis-tick"
          >
            <line
              className="recharts-cartesian-axis-tick-line"
              fill="none"
              height={230}
              stroke="#666"
              width={60}
              x={0}
              x1={54}
              x2={60}
              y={5}
              y1={120}
              y2={120}
            />
            <text
              className="recharts-text recharts-cartesian-axis-tick-value"
              fill="#666"
              height={230}
              stroke="none"
              textAnchor="end"
              width={60}
              x={52}
              y={120}
            >
              <tspan
                dy="0.355em"
                x={52}
              >
                1
              </tspan>
            </text>
          </g>
          <g
            className="recharts-layer recharts-cartesian-axis-tick"
          >
            <line
              className="recharts-cartesian-axis-tick-line"
              fill="none"
              height={230}
              stroke="#666"
              width={60}
              x={0}
              x1={54}
              x2={60}
              y={5}
              y1={62.5}
              y2={62.5}
            />
            <text
              className="recharts-text recharts-cartesian-axis-tick-value"
              fill="#666"
              height={230}
              stroke="none"
              textAnchor="end"
              width={60}
              x={52}
              y={62.5}
            >
              <tspan
                dy="0.355em"
                x={52}
              >
                1.5
              </tspan>
            </text>
          </g>
          <g
            className="recharts-layer recharts-cartesian-axis-tick"
          >
            <line
              className="recharts-cartesian-axis-tick-line"
              fill="none"
              height={230}
              stroke="#666"
              width={60}
              x={0}
              x1={54}
              x2={60}
              y={5}
              y1={5}
              y2={5}
            />
            <text
              className="recharts-text recharts-cartesian-axis-tick-value"
              fill="#666"
              height={230}
              stroke="none"
              textAnchor="end"
              width={60}
              x={52}
              y={5}
            >
              <tspan
                dy="0.355em"
                x={52}
              >
                2
              </tspan>
            </text>
          </g>
        </g>
      </g>
      <g
        className="recharts-cartesian-grid"
      >
        <g
          className="recharts-cartesian-grid-horizontal"
        >
          <line
            fill="none"
            height={230}
            stroke="#ccc"
            strokeDasharray="3 3"
            width={640}
            x={60}
            x1={60}
            x2={700}
            y={5}
            y1={235}
            y2={235}
          />
          <line
            fill="none"
            height={230}
            stroke="#ccc"
            strokeDasharray="3 3"
            width={640}
            x={60}
            x1={60}
            x2={700}
            y={5}
            y1={177.5}
            y2={177.5}
          />
          <line
            fill="none"
            height={230}
            stroke="#ccc"
            strokeDasharray="3 3"
            width={640}
            x={60}
            x1={60}
            x2={700}
            y={5}
            y1={120}
            y2={120}
          />
          <line
            fill="none"
            height={230}
            stroke="#ccc"
            strokeDasharray="3 3"
            width={640}
            x={60}
            x1={60}
            x2={700}
            y={5}
            y1={62.5}
            y2={62.5}
          />
          <line
            fill="none"
            height={230}
            stroke="#ccc"
            strokeDasharray="3 3"
            width={640}
            x={60}
            x1={60}
            x2={700}
            y={5}
            y1={5}
            y2={5}
          />
        </g>
        <g
          className="recharts-cartesian-grid-vertical"
        >
          <line
            fill="none"
            height={230}
            stroke="#ccc"
            strokeDasharray="3 3"
            width={640}
            x={60}
            x1={380}
            x2={380}
            y={5}
            y1={5}
            y2={235}
          />
          <line
            fill="none"
            height={230}
            stroke="#ccc"
            strokeDasharray="3 3"
            width={640}
            x={60}
            x1={60}
            x2={60}
            y={5}
            y1={5}
            y2={235}
          />
          <line
            fill="none"
            height={230}
            stroke="#ccc"
            strokeDasharray="3 3"
            width={640}
            x={60}
            x1={700}
            x2={700}
            y={5}
            y1={5}
            y2={235}
          />
        </g>
      </g>
      <g
        className="recharts-layer recharts-brush"
        onMouseLeave={[Function]}
        onMouseMove={[Function]}
        onMouseUp={[Function]}
        onTouchEnd={[Function]}
        onTouchMove={[Function]}
        style={
          Object {
            "MozUserSelect": "none",
            "OUserSelect": "none",
            "WebkitUserSelect": "none",
            "msUserSelect": "none",
            "userSelect": "none",
          }
        }
      >
        <rect
          fill="#fff"
          height={30}
          stroke="#8884d8"
          width={640}
          x={60}
          y={265}
        />
        <rect
          className="recharts-brush-slide"
          fill="#8884d8"
          fillOpacity={0.2}
          height={30}
          onMouseDown={[Function]}
          onMouseEnter={[Function]}
          onMouseLeave={[Function]}
          onTouchStart={[Function]}
          stroke="none"
          style={
            Object {
              "cursor": "move",
            }
          }
          width={0}
          x={377.5}
          y={265}
        />
        <g
          className="recharts-layer recharts-brush-traveller"
          onMouseDown={[Function]}
          onMouseEnter={[Function]}
          onMouseLeave={[Function]}
          onTouchStart={[Function]}
          style={
            Object {
              "cursor": "col-resize",
            }
          }
        >
          <rect
            fill="#8884d8"
            height={30}
            stroke="none"
            width={5}
            x={377.5}
            y={265}
          />
          <line
            fill="none"
            stroke="#fff"
            x1={378.5}
            x2={381.5}
            y1={279}
            y2={279}
          />
          <line
            fill="none"
            stroke="#fff"
            x1={378.5}
            x2={381.5}
            y1={281}
            y2={281}
          />
        </g>
        <g
          className="recharts-layer recharts-brush-traveller"
          onMouseDown={[Function]}
          onMouseEnter={[Function]}
          onMouseLeave={[Function]}
          onTouchStart={[Function]}
          style={
            Object {
              "cursor": "col-resize",
            }
          }
        >
          <rect
            fill="#8884d8"
            height={30}
            stroke="none"
            width={5}
            x={377.5}
            y={265}
          />
          <line
            fill="none"
            stroke="#fff"
            x1={378.5}
            x2={381.5}
            y1={279}
            y2={279}
          />
          <line
            fill="none"
            stroke="#fff"
            x1={378.5}
            x2={381.5}
            y1={281}
            y2={281}
          />
        </g>
      </g>
      <g
        className="recharts-layer recharts-area"
      >
        <g
          className="recharts-layer recharts-area-dots"
        >
          <circle
            className="recharts-dot recharts-area-dot"
            cx={380}
            cy={5}
            fill="#82ca9d"
            fillOpacity={0.6}
            height={230}
            r={3}
            stroke="#8884d8"
            width={640}
          />
        </g>
      </g>
    </svg>
    <div
      className="recharts-legend-wrapper"
      style={
        Object {
          "bottom": 5,
          "height": "auto",
          "left": 0,
          "position": "absolute",
          "width": 700,
        }
      }
    >
      <ul
        className="recharts-default-legend"
        style={
          Object {
            "margin": 0,
            "padding": 0,
            "textAlign": "center",
          }
        }
      >
        <li
          className="recharts-legend-item legend-item-0"
          style={
            Object {
              "display": "inline-block",
              "marginRight": 10,
            }
          }
        >
          <svg
            className="recharts-surface"
            height={14}
            style={
              Object {
                "display": "inline-block",
                "marginRight": 4,
                "verticalAlign": "middle",
              }
            }
            version="1.1"
            viewBox="0 0 32 32"
            width={14}
          >
            <path
              className="recharts-legend-icon"
              d="M0,16h10.666666666666666
                        A5.333333333333333,5.333333333333333,0,1,1,21.333333333333332,16
                        H32M21.333333333333332,16
                        A5.333333333333333,5.333333333333333,0,1,1,10.666666666666666,16"
              fill="none"
              stroke="#8884d8"
              strokeWidth={4}
            />
          </svg>
          <span
            className="recharts-legend-item-text"
          >
            price
          </span>
        </li>
      </ul>
    </div>
    <div
      className="recharts-tooltip-wrapper"
      style={
        Object {
          "MozTransform": "translate(undefinedpx, undefinedpx)",
          "OTransform": "translate(undefinedpx, undefinedpx)",
          "WebkitTransform": "translate(undefinedpx, undefinedpx)",
          "msTransform": "translate(undefinedpx, undefinedpx)",
          "pointerEvents": "none",
          "position": "absolute",
          "top": 0,
          "transform": "translate(undefinedpx, undefinedpx)",
          "visibility": "hidden",
        }
      }
    >
      <div
        className="recharts-default-tooltip"
        style={
          Object {
            "backgroundColor": "#fff",
            "border": "1px solid #ccc",
            "margin": 0,
            "padding": 10,
            "whiteSpace": "nowrap",
          }
        }
      >
        <p
          className="recharts-tooltip-label"
          style={
            Object {
              "margin": 0,
            }
          }
        >
          
        </p>
      </div>
    </div>
  </div>
</div>
`;
